Source recursion: initial/reflected phi2 coordinates=8/8, line-stability rows checked=7/7, terminal degrees=[ [ 1, 1, 2 ], [ 2, 1, 2 ] ]
ThetaPrime_6: source atoms=56, packet residual atoms=92, packet coefficient l1=3
ThetaPrime_6: certificate terms=499, coefficient l1=571, residual atoms=0, max |h,g| in entries=[ 2, 2 ], max |h,g| in adjacent products=[ 3, 3 ]
ThetaPrime_8: source atoms=80, packet residual atoms=114, packet coefficient l1=3
ThetaPrime_8: certificate terms=1085, coefficient l1=1800, residual atoms=0, max |h,g| in entries=[ 2, 1 ], max |h,g| in adjacent products=[ 2, 2 ]
ThetaPrime_15: source atoms=116, packet residual atoms=152, packet coefficient l1=3
ThetaPrime_15: certificate terms=1173, coefficient l1=1952, residual atoms=0, max |h,g| in entries=[ 2, 2 ], max |h,g| in adjacent products=[ 3, 3 ]
ThetaPrime_17: source atoms=57, packet residual atoms=99, packet coefficient l1=7
ThetaPrime_17: certificate terms=813, coefficient l1=1296, residual atoms=0, max |h,g| in entries=[ 2, 2 ], max |h,g| in adjacent products=[ 3, 3 ]
ThetaPrime_18: source atoms=124, packet residual atoms=149, packet coefficient l1=6
ThetaPrime_18: certificate terms=1121, coefficient l1=2003, residual atoms=0, max |h,g| in entries=[ 2, 2 ], max |h,g| in adjacent products=[ 3, 3 ]
ThetaPrime_27: source atoms=109, packet residual atoms=145, packet coefficient l1=3
ThetaPrime_27: certificate terms=1137, coefficient l1=1862, residual atoms=0, max |h,g| in entries=[ 2, 2 ], max |h,g| in adjacent products=[ 3, 3 ]
ThetaPrime_28: source atoms=103, packet residual atoms=142, packet coefficient l1=3
ThetaPrime_28: certificate terms=1079, coefficient l1=1738, residual atoms=0, max |h,g| in entries=[ 2, 2 ], max |h,g| in adjacent products=[ 3, 3 ]
Gamma4 R1-reflected Y2 simplicity certificate
Arithmetic: exact integers in the Laurent lattice and normalized bar complex
c12 convention: Phi(x,y,l)/Phi(x*y*x^-1,x,l)
External GAP packages loaded: none
Group model: epsilon exponent modulo 4; h,g exponents integral
No h- or g-order relation used
PASS: all seven reflected Y2 line-stability scalars equal one
