T-case exact core verifier (Appendix D)
Arithmetic: exact Laurent monomials and coefficient lists in Z[p].
Dependencies: GAP core only; no packages or floating point.
[OK] lem:T-group-data: tetrahedral rack reconstructed from the four conjugatio\
n permutations

Part I: eq:T-epsilon-explicit under dim(sigma)=1 and sigma(x1)=-1.
Neither epsilon_Phi(W)=1 nor the sixth parameter equality is assumed.
[OK] eq:T-epsilon-explicit: three coefficients from eq:YD-projective-action de\
rived from the rack and basis definitions
[OK] eq:T-epsilon-explicit: all three generated action coefficients match thei\
r displayed formulas
[OK] eq:T-epsilon-explicit: three actual braids close on a_2 tensor a_3
[OK] eq:T-epsilon-explicit: exact Laurent identity, including the total minus \
sign and three sigma factors

Part II: coefficient checks after the manuscript cochain comparison.
Assume dim(sigma)=1, sigma(x1)=-1, epsilon_Phi(W)=1, and the sixth parameter e\
quality.
Higher adjoints also assume dim(rho)=1 and p^2-p+1=0.
The cochain equivalence itself is not checked by this GAP program.
[OK] lem:T-tetrahedral-braiding: 64 constant-(-1) braid instances and consiste\
ncy with epsilon=1
[OK] eq:T-adjoint-recursion: displayed h_m braid-loop direction (all h_2 words\
)
[OK] lem:T-Y2-homogeneous-components: complete phi_2 calculation modulo p^2-p+\
1
[OK] lem:T-Y3-homogeneous-components: complete phi_3 calculation modulo p^2-p+\
1
[OK] lem:T-Y4-homogeneous-components: fifteen pairwise distinct words in the i\
nternal Z_1 target
[OK] lem:T-Y4-homogeneous-components: exact factorization in unreduced Z[p]
[OK] lem:T-Y4-homogeneous-components: vanishing after exact factorization is r\
educed modulo f
[OK] eq:T-R2-monodromy-cycles: four cycles derived from the eight adjacent bra\
ids
[OK] eq:T-y3-generator and eq:T-R2-monodromy-cycles: four displayed coefficien\
t triples of y
[OK] eq:T-R2-mixed-monodromy: eigenvalue (1-p) on all four cycles
PASS: 15 exact checks completed.
